// Jest Snapshot v1, https://goo.gl/fbAQLP

exports[`Home page matches snapshot 1`] = `
<DocumentFragment>
  <section
    class="py-5 px-3 relative flex items-center firstSection"
  >
    <div
      class="container mx-auto relative z-10"
    >
      <div
        class="grid grid-cols-3 gap-4"
      >
        <div
          class="col-span-2"
        >
          <img
            class="scrollIcon"
            src="./scrollIcon.png"
          />
          <div
            class="ml-50 py-5"
          >
            <h1
              class="h1"
            >
              Assumi le skill,
              <br />
              la qualità e l'sperienza
            </h1>
            <p
              class="subTitle text-white mt-5"
            >
              Accellera i tuoi progetti software e digitali con un team
              <br />
              all'avanguardia, d'esperienza pronto a valutare ed offire soluzioni
              <br />
              <span
                class="font-bold text-logoBlue"
              >
                competitive
              </span>
            </p>
          </div>
        </div>
        <div />
      </div>
    </div>
  </section>
  <section
    class="secondSectionBefore"
  />
  <section
    class="secondSection py-5 px-3 relative flex items-center"
  >
    <div
      class="colors1"
    />
    <div
      class="colors2"
    />
    <div
      class="colors3"
    />
    <div
      class="colors4"
    />
    <div
      class="container mx-auto relative"
    >
      <div
        class="square"
        data-aos="zoom-out-up"
        data-aos-delay="500"
        data-aos-offset="400"
      />
      <div
        class="square"
        data-aos="zoom-out-up"
        data-aos-delay="500"
        data-aos-offset="400"
      />
      <div
        class="square"
        data-aos="zoom-out-up"
        data-aos-delay="500"
        data-aos-offset="400"
      />
      <div
        class="square"
        data-aos="zoom-out-up"
        data-aos-delay="500"
        data-aos-offset="400"
      />
      <div
        class="square"
        data-aos="zoom-out-up"
        data-aos-delay="500"
        data-aos-offset="200"
      />
      <div
        class="square"
        data-aos="zoom-out-up"
        data-aos-delay="500"
        data-aos-offset="100"
      />
      <div
        class="square"
        data-aos="zoom-out-up"
        data-aos-delay="500"
        data-aos-offset="400"
      />
      <div
        class="square"
        data-aos="zoom-out-up"
        data-aos-delay="500"
        data-aos-offset="600"
      />
      <div
        class="square"
        data-aos="zoom-out-up"
        data-aos-delay="500"
      />
      <div
        class="grid grid-cols-3 gap-5"
      >
        <div
          ata-aos="fade-right"
          class="serviceCard relative p-50"
          data-aos-delay="300"
          data-aos-duration="500"
          data-aos-easing="ease-in-sine"
          data-aos-offset="400"
        >
          <div
            class="z-10 relative mx-10 glass"
          >
            <div
              class="focusCardHeader"
            >
              <span>
                <svg
                  height="479pt"
                  viewBox="-1 0 479 479.67"
                  width="479pt"
                  xmlns="http://www.w3.org/2000/svg"
                >
                  <path
                    d="M135 287.836a8.008 8.008 0 0 1-7.434-5.024L103 221.373l-24.57 61.44a8 8 0 0 1-15.094-.683l-24-80a7.994 7.994 0 0 1 5.367-9.957 8 8 0 0 1 9.961 5.367l17.414 58.055 23.488-58.735a7.998 7.998 0 0 1 14.864 0l23.488 58.735 17.418-58.055a7.994 7.994 0 0 1 9.957-5.367 8 8 0 0 1 5.371 9.957l-24 80a8.009 8.009 0 0 1-7.312 5.7zM271 287.836a8.008 8.008 0 0 1-7.434-5.024L239 221.373l-24.57 61.44a8 8 0 0 1-15.094-.683l-24-80a7.994 7.994 0 0 1 5.367-9.957 8 8 0 0 1 9.961 5.367l17.414 58.055 23.488-58.735a7.998 7.998 0 0 1 14.864 0l23.488 58.735 17.418-58.055a7.994 7.994 0 0 1 9.957-5.367 8 8 0 0 1 5.371 9.957l-24 80a7.999 7.999 0 0 1-7.305 5.7zM415 287.836a8.008 8.008 0 0 1-7.434-5.024L383 221.373l-24.57 61.44a8 8 0 0 1-15.094-.683l-24-80a7.994 7.994 0 0 1 5.367-9.957 8 8 0 0 1 9.961 5.367l17.414 58.055 23.488-58.735a7.998 7.998 0 0 1 14.864 0l23.488 58.735 17.418-58.055a7.994 7.994 0 0 1 9.957-5.367 8 8 0 0 1 5.371 9.957l-24 80a7.999 7.999 0 0 1-7.305 5.7zm0 0"
                  />
                  <path
                    d="M476.46 205.203C459.196 87.355 358.106 0 239 0 119.89 0 18.805 87.355 1.535 205.203a499.82 499.82 0 0 0 0 69.262C18.805 392.316 119.891 479.668 239 479.668c119.105 0 220.195-87.352 237.46-205.203a499.82 499.82 0 0 0 0-69.262zM460.673 271.7c-7.047 23.774-28.875 40.098-53.672 40.137H71c-24.8-.04-46.629-16.36-53.672-40.137a450.623 450.623 0 0 1 0-63.726C24.371 184.195 46.2 167.87 71 167.836h336c24.797.039 46.625 16.36 53.672 40.137a450.623 450.623 0 0 1 0 63.726zM247 327.836h102.145a306.01 306.01 0 0 1-16.25 50.832A404.187 404.187 0 0 0 247 368.043zm-16-176H128.855a305.515 305.515 0 0 1 16.247-50.832A405.991 405.991 0 0 0 231 111.602zm219.605 14.848A71.503 71.503 0 0 0 407 151.836h-41.457a320.338 320.338 0 0 0-17.09-54.856A296.963 296.963 0 0 0 394.95 79.38a224.659 224.659 0 0 1 55.656 87.305zm-68.597-98.899a287.869 287.869 0 0 1-40.281 14.54 182.638 182.638 0 0 0-43.442-58.49 223.646 223.646 0 0 1 83.723 43.95zM247 16.41c30.336 3.871 58.46 29.512 78.965 69.832A390.428 390.428 0 0 1 247 95.61zm85.895 84.594a305.893 305.893 0 0 1 16.25 50.832H247v-40.234a405.986 405.986 0 0 0 85.895-10.598zM231 16.41v79.2a390.442 390.442 0 0 1-78.969-9.376C172.535 45.922 200.664 20.281 231 16.41zm-51.281 7.426a182.49 182.49 0 0 0-43.442 58.473 289.13 289.13 0 0 1-40.285-14.547 223.5 223.5 0 0 1 83.727-43.926zM83.047 79.41a296.42 296.42 0 0 0 46.504 17.602 321.205 321.205 0 0 0-17.106 54.824H71a71.505 71.505 0 0 0-43.61 14.848A224.708 224.708 0 0 1 83.048 79.41zM27.39 313.012A71.549 71.549 0 0 0 71 327.836h41.445a321.299 321.299 0 0 0 17.106 54.855 296.792 296.792 0 0 0-46.504 17.598 224.718 224.718 0 0 1-55.656-87.3zm68.601 98.894a289.112 289.112 0 0 1 40.285-14.543 182.576 182.576 0 0 0 43.442 58.473 223.585 223.585 0 0 1-83.727-43.953zM231 463.25c-30.336-3.863-58.465-29.504-78.969-69.824A390.173 390.173 0 0 1 231 384.043zm-85.898-84.582a305.631 305.631 0 0 1-16.247-50.832H231v40.207a404.254 404.254 0 0 0-85.898 10.625zM247 463.25v-79.2a390.135 390.135 0 0 1 78.965 9.384C305.46 433.746 277.344 459.387 247 463.25zm51.285-7.414a182.702 182.702 0 0 0 43.442-58.465 287.851 287.851 0 0 1 40.28 14.535 223.69 223.69 0 0 1-83.722 43.93zm96.664-55.555a296.558 296.558 0 0 0-46.496-17.597 320.362 320.362 0 0 0 17.09-54.848H407a71.552 71.552 0 0 0 43.605-14.848 224.678 224.678 0 0 1-55.656 87.27zm0 0"
                  />
                </svg>
              </span>
              <h5>
                siti web
                <br />
                corporate
              </h5>
            </div>
            <div
              class="focusCardBody"
            >
              <p>
                Senza un'app Web, la tua azienda sta perdendo denaro e quote di mercato.
              </p>
              <p>
                Servizi di sviluppo end-to-end che ti aiuteranno a digitalizzare la tua attività e a rivoluzionare il mercato, indipendentemente dalle dimensioni della tua azienda.
              </p>
              <a
                class="btnSeeMore"
                href="/sviluppo-web"
              >
                Scopri di più
              </a>
            </div>
          </div>
        </div>
        <div
          ata-aos="fade-right"
          class="serviceCard relative p-50"
          data-aos-delay="300"
          data-aos-duration="500"
          data-aos-easing="ease-in-sine"
          data-aos-offset="400"
        >
          <div
            class="z-10 relative mx-10 glass"
          >
            <div
              class="focusCardHeader"
            >
              <span>
                <svg
                  height="512"
                  viewBox="0 0 511.998 511.998"
                  width="512"
                  xmlns="http://www.w3.org/2000/svg"
                >
                  <path
                    d="m354.099 399.601-27.218-30.785-22.475 19.872 48.725 55.108 78.919-81.747-21.583-20.836z"
                  />
                  <path
                    d="M369.451 265.331c-2.735 0-5.447.099-8.138.275l-8.698-148.885h-70.979v-28.95C281.635 39.374 242.261 0 193.864 0s-87.771 39.374-87.771 87.771v28.95h-70.98L19.347 386.594c-1.227 21.013 6.051 41.018 20.494 56.329s33.989 23.743 55.037 23.743H273.99c22.636 27.652 57.021 45.332 95.461 45.332 68.006 0 123.333-55.327 123.333-123.333 0-68.007-55.327-123.334-123.333-123.334zM136.092 87.771c0-31.855 25.916-57.771 57.771-57.771s57.772 25.916 57.772 57.771v28.95H136.092zM94.878 436.666c-12.702 0-24.498-5.089-33.214-14.329s-13.108-21.313-12.368-33.993l14.115-241.622h42.681v37.588h30v-37.588h115.543v37.588h30v-37.588h42.681l7.277 124.562c-49.541 16.016-85.475 62.578-85.475 117.382 0 17.017 3.465 33.24 9.725 48.001H94.878zm274.573 45.332c-51.464 0-93.333-41.869-93.333-93.333 0-51.465 41.869-93.334 93.333-93.334s93.333 41.869 93.333 93.334c0 51.464-41.869 93.333-93.333 93.333z"
                  />
                </svg>
              </span>
              <h5>
                Soluzioni
                <br />
                E-commerce
              </h5>
            </div>
            <div
              class="focusCardBody"
            >
              <p>
                Possiamo portare online e accativare i prodotti della tua organizzaziones
              </p>
              <p>
                Diversi fattori incidono nella riuscita di un e-commerce di successo, esperienza di sviluppo è fondamentale per non sbagliare
              </p>
            </div>
          </div>
        </div>
        <div
          ata-aos="fade-right"
          class="serviceCard relative p-50"
          data-aos-delay="300"
          data-aos-duration="500"
          data-aos-easing="ease-in-sine"
          data-aos-offset="400"
        >
          <div
            class="z-10 relative mx-10 glass"
          >
            <div
              class="focusCardHeader"
            >
              <span>
                <svg
                  class="svg-inline--fa fa-mobile-android fa-w-10 fa-5x"
                  viewBox="0 0 320 512"
                  xmlns="http://www.w3.org/2000/svg"
                >
                  <path
                    d="M196 448h-72c-6.6 0-12-5.4-12-12v-8c0-6.6 5.4-12 12-12h72c6.6 0 12 5.4 12 12v8c0 6.6-5.4 12-12 12zM320 48v416c0 26.5-21.5 48-48 48H48c-26.5 0-48-21.5-48-48V48C0 21.5 21.5 0 48 0h224c26.5 0 48 21.5 48 48zm-32 0c0-8.8-7.2-16-16-16H48c-8.8 0-16 7.2-16 16v416c0 8.8 7.2 16 16 16h224c8.8 0 16-7.2 16-16V48z"
                    fill="currentColor"
                  />
                </svg>
              </span>
              <h5>
                Applicazioni
                <br />
                per smartphone
              </h5>
            </div>
            <div
              class="focusCardBody"
            >
              <p>
                Grazie alla tecnologia ibrida le applicazioni per smartphone diventano accessibili a tutti
              </p>
              <p>
                Sviluppo mobile multipiattaforma e nativo incentrato su React Native e soluzioni completamente native per creare o far crescere il tuo prodotto software.
              </p>
            </div>
          </div>
        </div>
      </div>
    </div>
  </section>
  <section
    class="secondSectionAfter"
  >
    <button>
      Test Button
    </button>
  </section>
</DocumentFragment>
`;
